// Jest Snapshot v1, https://goo.gl/fbAQLP

exports[`should render an expense item correctly 1`] = `
<li>
  <Link
    replace={false}
    to="/edit/undefined"
  />
  : 
  $0.00
   - 
  December 31st, 1969
</li>
`;
