// Jest Snapshot v1, https://goo.gl/fbAQLP

exports[`should render the expense dashboard page correctly with no filter 1`] = `
<div>
  This is from my dashboard component.
  <Connect(ExpenseListFilters) />
  <Connect(ExpensesSummary) />
  <Connect(ExpenseList) />
</div>
`;
