// Jest Snapshot v1, https://goo.gl/fbAQLP

exports[`should render Header correctly 1`] = `
<header>
  <h1>
    Expensify
  </h1>
  <div>
    <ol>
      <li>
        <NavLink
          activeClassName="is-active"
          aria-current="page"
          exact={true}
          to="/"
        >
          Dashboard
        </NavLink>
      </li>
      <li>
        <NavLink
          activeClassName="is-active"
          aria-current="page"
          to="/create"
        >
          Create Expense
        </NavLink>
      </li>
      <li>
        <NavLink
          activeClassName="is-active"
          aria-current="page"
          to="/edit"
        >
          Edit expense
        </NavLink>
      </li>
      <li>
        <NavLink
          activeClassName="is-active"
          aria-current="page"
          to="/help"
        >
          Help!
        </NavLink>
      </li>
    </ol>
  </div>
</header>
`;
