// Jest Snapshot v1, https://goo.gl/fbAQLP

exports[`should render login page correctly 1`] = `
<div>
  <h1>
    Expensify App
  </h1>
  <button>
    Sign In
  </button>
</div>
`;
